INFO - 01/05/26 21:25:14 - 0:00:00 - ============ Initialized logger ============
INFO - 01/05/26 21:25:14 - 0:00:00 - arch: wtnet
                                     aux_loss_weight: 1.0
                                     base_lr: 0.1
                                     batch_size: 128
                                     boundary_loss_weight: 0.1
                                     boundary_neg_thresh: 1.0
                                     boundary_pos_anneal_epochs: 0
                                     boundary_pos_start: None
                                     boundary_pos_thresh: 0.5
                                     boundary_proto_thresh: 1.0
                                     boundary_warmup_epochs: 0
                                     checkpoint_freq: 25
                                     crops_for_assign: [0, 1]
                                     data_path: /root/autodl-tmp/S3R
                                     dist_url: env://
                                     dump_checkpoints: ./checkpoints
                                     dump_path: .
                                     epoch_queue_starts: 15
                                     epochs: 200
                                     epsilon: 0.05
                                     feat_dim: 128
                                     final_lr: 0.001
                                     freeze_prototypes_niters: 313
                                     gpu_to_work_on: 0
                                     hidden_mlp: 2048
                                     is_slurm_job: False
                                     local_rank: 0
                                     max_scale_crops: [1]
                                     min_scale_crops: [0.14]
                                     mixup_loss_weight: 1
                                     n_active_prototypes: 0
                                     nmb_crops: [6]
                                     nmb_prototypes: 36
                                     num_classes: 0
                                     pooling_type: gem
                                     queue_length: 8096
                                     rank: 0
                                     seed: 31
                                     shared_stem_blocks: 2
                                     sinkhorn_iterations: 3
                                     size_crops: [224]
                                     spec_freq_masks: 2
                                     spec_max_freq: 30
                                     spec_max_time: 40
                                     spec_time_masks: 2
                                     split_path: /root/autodl-tmp/S3R/experiment_groups/1-known_for_train
                                     start_warmup: 0
                                     swav_weight: 0.5
                                     sync_bn: pytorch
                                     syncbn_process_group_size: 8
                                     tb_log_interval: 50
                                     temperature: 0.1
                                     test_split_path: /root/autodl-tmp/S3R/experiment_groups/1-known_for_test
                                     unknown_split_path: /root/autodl-tmp/S3R/experiment_groups/1-unknown
                                     use_aux_heads: False
                                     use_boundary_loss: False
                                     use_fp16: True
                                     use_freq_pos_enc: False
                                     use_mixup: False
                                     use_shared_stem: False
                                     use_sk_fusion: False
                                     use_specaugment: False
                                     warmup_epochs: 10
                                     wd: 1e-06
                                     workers: 10
                                     world_size: 2
INFO - 01/05/26 21:25:14 - 0:00:00 - The experiment will be stored in .
                                     

INFO - 01/05/26 21:25:14 - 0:00:00 - TensorBoard writer created at: /root/tf-logs/swav
INFO - 01/05/26 21:25:14 - 0:00:00 - Automatically detected number of classes: 18
INFO - 01/05/26 21:25:14 - 0:00:00 - Building data done with 8294 images loaded.
INFO - 01/05/26 21:25:14 - 0:00:00 - WTNet(
                                       (encoder_d1): Sequential(
                                         (0): WTConv2d(
                                           (base_conv): Conv2d(3, 3, kernel_size=(1, 1), stride=(1, 1), padding=same, groups=3)
                                           (base_scale): _ScaleModule()
                                           (wavelet_convs): ModuleList(
                                             (0-1): 2 x Conv2d(12, 12, kernel_size=(1, 1), stride=(1, 1), padding=same, groups=12, bias=False)
                                           )
                                           (wavelet_scale): ModuleList(
                                             (0-1): 2 x _ScaleModule()
                                           )
                                         )
                                         (1): Conv2d(3, 4, kernel_size=(1, 1), stride=(1, 1))
                                         (2): SyncBatchNorm(4, eps=1e-05, momentum=0.1, affine=True, track_running_stats=True)
                                         (3): ReLU()
                                         (4): MaxPool2d(kernel_size=1, stride=2, padding=0, dilation=1, ceil_mode=False)
                                         (5): WTConv2d(
                                           (base_conv): Conv2d(4, 4, kernel_size=(1, 1), stride=(1, 1), padding=same, groups=4)
                                           (base_scale): _ScaleModule()
                                           (wavelet_convs): ModuleList(
                                             (0-1): 2 x Conv2d(16, 16, kernel_size=(1, 1), stride=(1, 1), padding=same, groups=16, bias=False)
                                           )
                                           (wavelet_scale): ModuleList(
                                             (0-1): 2 x _ScaleModule()
                                           )
                                         )
                                         (6): Conv2d(4, 8, kernel_size=(1, 1), stride=(1, 1))
                                         (7): SyncBatchNorm(8, eps=1e-05, momentum=0.1, affine=True, track_running_stats=True)
                                         (8): ReLU()
                                         (9): MaxPool2d(kernel_size=1, stride=2, padding=0, dilation=1, ceil_mode=False)
                                         (10): WTConv2d(
                                           (base_conv): Conv2d(8, 8, kernel_size=(1, 1), stride=(1, 1), padding=same, groups=8)
                                           (base_scale): _ScaleModule()
                                           (wavelet_convs): ModuleList(
                                             (0-1): 2 x Conv2d(32, 32, kernel_size=(1, 1), stride=(1, 1), padding=same, groups=32, bias=False)
                                           )
                                           (wavelet_scale): ModuleList(
                                             (0-1): 2 x _ScaleModule()
                                           )
                                         )
                                         (11): Conv2d(8, 16, kernel_size=(1, 1), stride=(1, 1))
                                         (12): SyncBatchNorm(16, eps=1e-05, momentum=0.1, affine=True, track_running_stats=True)
                                         (13): ReLU()
                                         (14): MaxPool2d(kernel_size=1, stride=2, padding=0, dilation=1, ceil_mode=False)
                                         (15): WTConv2d(
                                           (base_conv): Conv2d(16, 16, kernel_size=(1, 1), stride=(1, 1), padding=same, groups=16)
                                           (base_scale): _ScaleModule()
                                           (wavelet_convs): ModuleList(
                                             (0-1): 2 x Conv2d(64, 64, kernel_size=(1, 1), stride=(1, 1), padding=same, groups=64, bias=False)
                                           )
                                           (wavelet_scale): ModuleList(
                                             (0-1): 2 x _ScaleModule()
                                           )
                                         )
                                         (16): Conv2d(16, 32, kernel_size=(1, 1), stride=(1, 1))
                                         (17): SyncBatchNorm(32, eps=1e-05, momentum=0.1, affine=True, track_running_stats=True)
                                         (18): ReLU()
                                         (19): MaxPool2d(kernel_size=1, stride=2, padding=0, dilation=1, ceil_mode=False)
                                         (20): WTConv2d(
                                           (base_conv): Conv2d(32, 32, kernel_size=(1, 1), stride=(1, 1), padding=same, groups=32)
                                           (base_scale): _ScaleModule()
                                           (wavelet_convs): ModuleList(
                                             (0-1): 2 x Conv2d(128, 128, kernel_size=(1, 1), stride=(1, 1), padding=same, groups=128, bias=False)
                                           )
                                           (wavelet_scale): ModuleList(
                                             (0-1): 2 x _ScaleModule()
                                           )
                                         )
                                         (21): Conv2d(32, 64, kernel_size=(1, 1), stride=(1, 1))
                                         (22): SyncBatchNorm(64, eps=1e-05, momentum=0.1, affine=True, track_running_stats=True)
                                         (23): ReLU()
                                         (24): MaxPool2d(kernel_size=1, stride=2, padding=0, dilation=1, ceil_mode=False)
                                         (25): WTConv2d(
                                           (base_conv): Conv2d(64, 64, kernel_size=(1, 1), stride=(1, 1), padding=same, groups=64)
                                           (base_scale): _ScaleModule()
                                           (wavelet_convs): ModuleList(
                                             (0-1): 2 x Conv2d(256, 256, kernel_size=(1, 1), stride=(1, 1), padding=same, groups=256, bias=False)
                                           )
                                           (wavelet_scale): ModuleList(
                                             (0-1): 2 x _ScaleModule()
                                           )
                                         )
                                         (26): Conv2d(64, 128, kernel_size=(1, 1), stride=(1, 1))
                                         (27): SyncBatchNorm(128, eps=1e-05, momentum=0.1, affine=True, track_running_stats=True)
                                         (28): ReLU()
                                         (29): AvgPool2d(kernel_size=2, stride=2, padding=0)
                                       )
                                       (encoder_d3): Sequential(
                                         (0): WTConv2d(
                                           (base_conv): Conv2d(3, 3, kernel_size=(3, 3), stride=(1, 1), padding=same, groups=3)
                                           (base_scale): _ScaleModule()
                                           (wavelet_convs): ModuleList(
                                             (0-1): 2 x Conv2d(12, 12, kernel_size=(3, 3), stride=(1, 1), padding=same, groups=12, bias=False)
                                           )
                                           (wavelet_scale): ModuleList(
                                             (0-1): 2 x _ScaleModule()
                                           )
                                         )
                                         (1): Conv2d(3, 4, kernel_size=(1, 1), stride=(1, 1))
                                         (2): SyncBatchNorm(4, eps=1e-05, momentum=0.1, affine=True, track_running_stats=True)
                                         (3): ReLU()
                                         (4): MaxPool2d(kernel_size=1, stride=2, padding=0, dilation=1, ceil_mode=False)
                                         (5): WTConv2d(
                                           (base_conv): Conv2d(4, 4, kernel_size=(3, 3), stride=(1, 1), padding=same, groups=4)
                                           (base_scale): _ScaleModule()
                                           (wavelet_convs): ModuleList(
                                             (0-1): 2 x Conv2d(16, 16, kernel_size=(3, 3), stride=(1, 1), padding=same, groups=16, bias=False)
                                           )
                                           (wavelet_scale): ModuleList(
                                             (0-1): 2 x _ScaleModule()
                                           )
                                         )
                                         (6): Conv2d(4, 8, kernel_size=(1, 1), stride=(1, 1))
                                         (7): SyncBatchNorm(8, eps=1e-05, momentum=0.1, affine=True, track_running_stats=True)
                                         (8): ReLU()
                                         (9): MaxPool2d(kernel_size=1, stride=2, padding=0, dilation=1, ceil_mode=False)
                                         (10): WTConv2d(
                                           (base_conv): Conv2d(8, 8, kernel_size=(3, 3), stride=(1, 1), padding=same, groups=8)
                                           (base_scale): _ScaleModule()
                                           (wavelet_convs): ModuleList(
                                             (0-1): 2 x Conv2d(32, 32, kernel_size=(3, 3), stride=(1, 1), padding=same, groups=32, bias=False)
                                           )
                                           (wavelet_scale): ModuleList(
                                             (0-1): 2 x _ScaleModule()
                                           )
                                         )
                                         (11): Conv2d(8, 16, kernel_size=(1, 1), stride=(1, 1))
                                         (12): SyncBatchNorm(16, eps=1e-05, momentum=0.1, affine=True, track_running_stats=True)
                                         (13): ReLU()
                                         (14): MaxPool2d(kernel_size=1, stride=2, padding=0, dilation=1, ceil_mode=False)
                                         (15): WTConv2d(
                                           (base_conv): Conv2d(16, 16, kernel_size=(3, 3), stride=(1, 1), padding=same, groups=16)
                                           (base_scale): _ScaleModule()
                                           (wavelet_convs): ModuleList(
                                             (0-1): 2 x Conv2d(64, 64, kernel_size=(3, 3), stride=(1, 1), padding=same, groups=64, bias=False)
                                           )
                                           (wavelet_scale): ModuleList(
                                             (0-1): 2 x _ScaleModule()
                                           )
                                         )
                                         (16): Conv2d(16, 32, kernel_size=(1, 1), stride=(1, 1))
                                         (17): SyncBatchNorm(32, eps=1e-05, momentum=0.1, affine=True, track_running_stats=True)
                                         (18): ReLU()
                                         (19): MaxPool2d(kernel_size=1, stride=2, padding=0, dilation=1, ceil_mode=False)
                                         (20): WTConv2d(
                                           (base_conv): Conv2d(32, 32, kernel_size=(3, 3), stride=(1, 1), padding=same, groups=32)
                                           (base_scale): _ScaleModule()
                                           (wavelet_convs): ModuleList(
                                             (0-1): 2 x Conv2d(128, 128, kernel_size=(3, 3), stride=(1, 1), padding=same, groups=128, bias=False)
                                           )
                                           (wavelet_scale): ModuleList(
                                             (0-1): 2 x _ScaleModule()
                                           )
                                         )
                                         (21): Conv2d(32, 64, kernel_size=(1, 1), stride=(1, 1))
                                         (22): SyncBatchNorm(64, eps=1e-05, momentum=0.1, affine=True, track_running_stats=True)
                                         (23): ReLU()
                                         (24): MaxPool2d(kernel_size=1, stride=2, padding=0, dilation=1, ceil_mode=False)
                                         (25): WTConv2d(
                                           (base_conv): Conv2d(64, 64, kernel_size=(3, 3), stride=(1, 1), padding=same, groups=64)
                                           (base_scale): _ScaleModule()
                                           (wavelet_convs): ModuleList(
                                             (0-1): 2 x Conv2d(256, 256, kernel_size=(3, 3), stride=(1, 1), padding=same, groups=256, bias=False)
                                           )
                                           (wavelet_scale): ModuleList(
                                             (0-1): 2 x _ScaleModule()
                                           )
                                         )
                                         (26): Conv2d(64, 128, kernel_size=(1, 1), stride=(1, 1))
                                         (27): SyncBatchNorm(128, eps=1e-05, momentum=0.1, affine=True, track_running_stats=True)
                                         (28): ReLU()
                                         (29): AvgPool2d(kernel_size=2, stride=2, padding=0)
                                       )
                                       (encoder_d5): Sequential(
                                         (0): WTConv2d(
                                           (base_conv): Conv2d(3, 3, kernel_size=(5, 5), stride=(1, 1), padding=same, groups=3)
                                           (base_scale): _ScaleModule()
                                           (wavelet_convs): ModuleList(
                                             (0-1): 2 x Conv2d(12, 12, kernel_size=(5, 5), stride=(1, 1), padding=same, groups=12, bias=False)
                                           )
                                           (wavelet_scale): ModuleList(
                                             (0-1): 2 x _ScaleModule()
                                           )
                                         )
                                         (1): Conv2d(3, 4, kernel_size=(1, 1), stride=(1, 1))
                                         (2): SyncBatchNorm(4, eps=1e-05, momentum=0.1, affine=True, track_running_stats=True)
                                         (3): ReLU()
                                         (4): MaxPool2d(kernel_size=1, stride=2, padding=0, dilation=1, ceil_mode=False)
                                         (5): WTConv2d(
                                           (base_conv): Conv2d(4, 4, kernel_size=(5, 5), stride=(1, 1), padding=same, groups=4)
                                           (base_scale): _ScaleModule()
                                           (wavelet_convs): ModuleList(
                                             (0-1): 2 x Conv2d(16, 16, kernel_size=(5, 5), stride=(1, 1), padding=same, groups=16, bias=False)
                                           )
                                           (wavelet_scale): ModuleList(
                                             (0-1): 2 x _ScaleModule()
                                           )
                                         )
                                         (6): Conv2d(4, 8, kernel_size=(1, 1), stride=(1, 1))
                                         (7): SyncBatchNorm(8, eps=1e-05, momentum=0.1, affine=True, track_running_stats=True)
                                         (8): ReLU()
                                         (9): MaxPool2d(kernel_size=1, stride=2, padding=0, dilation=1, ceil_mode=False)
                                         (10): WTConv2d(
                                           (base_conv): Conv2d(8, 8, kernel_size=(5, 5), stride=(1, 1), padding=same, groups=8)
                                           (base_scale): _ScaleModule()
                                           (wavelet_convs): ModuleList(
                                             (0-1): 2 x Conv2d(32, 32, kernel_size=(5, 5), stride=(1, 1), padding=same, groups=32, bias=False)
                                           )
                                           (wavelet_scale): ModuleList(
                                             (0-1): 2 x _ScaleModule()
                                           )
                                         )
                                         (11): Conv2d(8, 16, kernel_size=(1, 1), stride=(1, 1))
                                         (12): SyncBatchNorm(16, eps=1e-05, momentum=0.1, affine=True, track_running_stats=True)
                                         (13): ReLU()
                                         (14): MaxPool2d(kernel_size=1, stride=2, padding=0, dilation=1, ceil_mode=False)
                                         (15): WTConv2d(
                                           (base_conv): Conv2d(16, 16, kernel_size=(5, 5), stride=(1, 1), padding=same, groups=16)
                                           (base_scale): _ScaleModule()
                                           (wavelet_convs): ModuleList(
                                             (0-1): 2 x Conv2d(64, 64, kernel_size=(5, 5), stride=(1, 1), padding=same, groups=64, bias=False)
                                           )
                                           (wavelet_scale): ModuleList(
                                             (0-1): 2 x _ScaleModule()
                                           )
                                         )
                                         (16): Conv2d(16, 32, kernel_size=(1, 1), stride=(1, 1))
                                         (17): SyncBatchNorm(32, eps=1e-05, momentum=0.1, affine=True, track_running_stats=True)
                                         (18): ReLU()
                                         (19): MaxPool2d(kernel_size=1, stride=2, padding=0, dilation=1, ceil_mode=False)
                                         (20): WTConv2d(
                                           (base_conv): Conv2d(32, 32, kernel_size=(5, 5), stride=(1, 1), padding=same, groups=32)
                                           (base_scale): _ScaleModule()
                                           (wavelet_convs): ModuleList(
                                             (0-1): 2 x Conv2d(128, 128, kernel_size=(5, 5), stride=(1, 1), padding=same, groups=128, bias=False)
                                           )
                                           (wavelet_scale): ModuleList(
                                             (0-1): 2 x _ScaleModule()
                                           )
                                         )
                                         (21): Conv2d(32, 64, kernel_size=(1, 1), stride=(1, 1))
                                         (22): SyncBatchNorm(64, eps=1e-05, momentum=0.1, affine=True, track_running_stats=True)
                                         (23): ReLU()
                                         (24): MaxPool2d(kernel_size=1, stride=2, padding=0, dilation=1, ceil_mode=False)
                                         (25): WTConv2d(
                                           (base_conv): Conv2d(64, 64, kernel_size=(5, 5), stride=(1, 1), padding=same, groups=64)
                                           (base_scale): _ScaleModule()
                                           (wavelet_convs): ModuleList(
                                             (0-1): 2 x Conv2d(256, 256, kernel_size=(5, 5), stride=(1, 1), padding=same, groups=256, bias=False)
                                           )
                                           (wavelet_scale): ModuleList(
                                             (0-1): 2 x _ScaleModule()
                                           )
                                         )
                                         (26): Conv2d(64, 128, kernel_size=(1, 1), stride=(1, 1))
                                         (27): SyncBatchNorm(128, eps=1e-05, momentum=0.1, affine=True, track_running_stats=True)
                                         (28): ReLU()
                                         (29): AvgPool2d(kernel_size=2, stride=2, padding=0)
                                       )
                                       (pool): GeM(p=3.0000, eps=1e-06)
                                       (encoder_to_semantic): Sequential(
                                         (0): Linear(in_features=384, out_features=1024, bias=True)
                                         (1): SyncBatchNorm(1024, eps=1e-05, momentum=0.1, affine=True, track_running_stats=True)
                                         (2): ReLU()
                                         (3): Linear(in_features=1024, out_features=512, bias=True)
                                         (4): SyncBatchNorm(512, eps=1e-05, momentum=0.1, affine=True, track_running_stats=True)
                                       )
                                       (projection_head): Linear(in_features=512, out_features=128, bias=True)
                                       (prototypes): Linear(in_features=128, out_features=36, bias=False)
                                       (classifier): ArcFaceClassifier()
                                     )
INFO - 01/05/26 21:25:14 - 0:00:00 - Building model done.
WARNING - 01/05/26 21:25:14 - 0:00:00 - NVIDIA Apex LARC not found. Training without LARC.
INFO - 01/05/26 21:25:14 - 0:00:00 - Building optimizer done.
INFO - 01/05/26 21:25:14 - 0:00:00 - Initializing mixed precision done.
INFO - 01/05/26 21:25:36 - 0:00:00 - ============ Initialized logger ============
INFO - 01/05/26 21:25:36 - 0:00:00 - arch: wtnet
                                     aux_loss_weight: 1.0
                                     base_lr: 0.1
                                     batch_size: 128
                                     boundary_loss_weight: 0.1
                                     boundary_neg_thresh: 1.0
                                     boundary_pos_anneal_epochs: 0
                                     boundary_pos_start: None
                                     boundary_pos_thresh: 0.5
                                     boundary_proto_thresh: 1.0
                                     boundary_warmup_epochs: 0
                                     checkpoint_freq: 25
                                     crops_for_assign: [0, 1]
                                     data_path: /root/autodl-tmp/S3R
                                     dist_url: env://
                                     dump_checkpoints: ./checkpoints
                                     dump_path: .
                                     epoch_queue_starts: 15
                                     epochs: 200
                                     epsilon: 0.05
                                     feat_dim: 128
                                     final_lr: 0.001
                                     freeze_prototypes_niters: 313
                                     gpu_to_work_on: 0
                                     hidden_mlp: 2048
                                     is_slurm_job: False
                                     local_rank: 0
                                     max_scale_crops: [1]
                                     min_scale_crops: [0.14]
                                     mixup_loss_weight: 1
                                     n_active_prototypes: 0
                                     nmb_crops: [6]
                                     nmb_prototypes: 36
                                     num_classes: 0
                                     pooling_type: gem
                                     queue_length: 8096
                                     rank: 0
                                     seed: 31
                                     shared_stem_blocks: 2
                                     sinkhorn_iterations: 3
                                     size_crops: [224]
                                     spec_freq_masks: 2
                                     spec_max_freq: 30
                                     spec_max_time: 40
                                     spec_time_masks: 2
                                     split_path: /root/autodl-tmp/S3R/experiment_groups/1-known_for_train
                                     start_warmup: 0
                                     swav_weight: 0.5
                                     sync_bn: pytorch
                                     syncbn_process_group_size: 8
                                     tb_log_interval: 50
                                     temperature: 0.1
                                     test_split_path: /root/autodl-tmp/S3R/experiment_groups/1-known_for_test
                                     unknown_split_path: /root/autodl-tmp/S3R/experiment_groups/1-unknown
                                     use_aux_heads: False
                                     use_boundary_loss: False
                                     use_fp16: True
                                     use_freq_pos_enc: False
                                     use_mixup: False
                                     use_shared_stem: False
                                     use_sk_fusion: False
                                     use_specaugment: False
                                     warmup_epochs: 10
                                     wd: 1e-06
                                     workers: 10
                                     world_size: 1
INFO - 01/05/26 21:25:36 - 0:00:00 - The experiment will be stored in .
                                     

INFO - 01/05/26 21:25:36 - 0:00:00 - TensorBoard writer created at: /root/tf-logs/swav
INFO - 01/05/26 21:25:36 - 0:00:00 - Automatically detected number of classes: 18
INFO - 01/05/26 21:25:36 - 0:00:00 - Building data done with 8294 images loaded.
INFO - 01/05/26 21:25:36 - 0:00:00 - WTNet(
                                       (encoder_d1): Sequential(
                                         (0): WTConv2d(
                                           (base_conv): Conv2d(3, 3, kernel_size=(1, 1), stride=(1, 1), padding=same, groups=3)
                                           (base_scale): _ScaleModule()
                                           (wavelet_convs): ModuleList(
                                             (0-1): 2 x Conv2d(12, 12, kernel_size=(1, 1), stride=(1, 1), padding=same, groups=12, bias=False)
                                           )
                                           (wavelet_scale): ModuleList(
                                             (0-1): 2 x _ScaleModule()
                                           )
                                         )
                                         (1): Conv2d(3, 4, kernel_size=(1, 1), stride=(1, 1))
                                         (2): SyncBatchNorm(4, eps=1e-05, momentum=0.1, affine=True, track_running_stats=True)
                                         (3): ReLU()
                                         (4): MaxPool2d(kernel_size=1, stride=2, padding=0, dilation=1, ceil_mode=False)
                                         (5): WTConv2d(
                                           (base_conv): Conv2d(4, 4, kernel_size=(1, 1), stride=(1, 1), padding=same, groups=4)
                                           (base_scale): _ScaleModule()
                                           (wavelet_convs): ModuleList(
                                             (0-1): 2 x Conv2d(16, 16, kernel_size=(1, 1), stride=(1, 1), padding=same, groups=16, bias=False)
                                           )
                                           (wavelet_scale): ModuleList(
                                             (0-1): 2 x _ScaleModule()
                                           )
                                         )
                                         (6): Conv2d(4, 8, kernel_size=(1, 1), stride=(1, 1))
                                         (7): SyncBatchNorm(8, eps=1e-05, momentum=0.1, affine=True, track_running_stats=True)
                                         (8): ReLU()
                                         (9): MaxPool2d(kernel_size=1, stride=2, padding=0, dilation=1, ceil_mode=False)
                                         (10): WTConv2d(
                                           (base_conv): Conv2d(8, 8, kernel_size=(1, 1), stride=(1, 1), padding=same, groups=8)
                                           (base_scale): _ScaleModule()
                                           (wavelet_convs): ModuleList(
                                             (0-1): 2 x Conv2d(32, 32, kernel_size=(1, 1), stride=(1, 1), padding=same, groups=32, bias=False)
                                           )
                                           (wavelet_scale): ModuleList(
                                             (0-1): 2 x _ScaleModule()
                                           )
                                         )
                                         (11): Conv2d(8, 16, kernel_size=(1, 1), stride=(1, 1))
                                         (12): SyncBatchNorm(16, eps=1e-05, momentum=0.1, affine=True, track_running_stats=True)
                                         (13): ReLU()
                                         (14): MaxPool2d(kernel_size=1, stride=2, padding=0, dilation=1, ceil_mode=False)
                                         (15): WTConv2d(
                                           (base_conv): Conv2d(16, 16, kernel_size=(1, 1), stride=(1, 1), padding=same, groups=16)
                                           (base_scale): _ScaleModule()
                                           (wavelet_convs): ModuleList(
                                             (0-1): 2 x Conv2d(64, 64, kernel_size=(1, 1), stride=(1, 1), padding=same, groups=64, bias=False)
                                           )
                                           (wavelet_scale): ModuleList(
                                             (0-1): 2 x _ScaleModule()
                                           )
                                         )
                                         (16): Conv2d(16, 32, kernel_size=(1, 1), stride=(1, 1))
                                         (17): SyncBatchNorm(32, eps=1e-05, momentum=0.1, affine=True, track_running_stats=True)
                                         (18): ReLU()
                                         (19): MaxPool2d(kernel_size=1, stride=2, padding=0, dilation=1, ceil_mode=False)
                                         (20): WTConv2d(
                                           (base_conv): Conv2d(32, 32, kernel_size=(1, 1), stride=(1, 1), padding=same, groups=32)
                                           (base_scale): _ScaleModule()
                                           (wavelet_convs): ModuleList(
                                             (0-1): 2 x Conv2d(128, 128, kernel_size=(1, 1), stride=(1, 1), padding=same, groups=128, bias=False)
                                           )
                                           (wavelet_scale): ModuleList(
                                             (0-1): 2 x _ScaleModule()
                                           )
                                         )
                                         (21): Conv2d(32, 64, kernel_size=(1, 1), stride=(1, 1))
                                         (22): SyncBatchNorm(64, eps=1e-05, momentum=0.1, affine=True, track_running_stats=True)
                                         (23): ReLU()
                                         (24): MaxPool2d(kernel_size=1, stride=2, padding=0, dilation=1, ceil_mode=False)
                                         (25): WTConv2d(
                                           (base_conv): Conv2d(64, 64, kernel_size=(1, 1), stride=(1, 1), padding=same, groups=64)
                                           (base_scale): _ScaleModule()
                                           (wavelet_convs): ModuleList(
                                             (0-1): 2 x Conv2d(256, 256, kernel_size=(1, 1), stride=(1, 1), padding=same, groups=256, bias=False)
                                           )
                                           (wavelet_scale): ModuleList(
                                             (0-1): 2 x _ScaleModule()
                                           )
                                         )
                                         (26): Conv2d(64, 128, kernel_size=(1, 1), stride=(1, 1))
                                         (27): SyncBatchNorm(128, eps=1e-05, momentum=0.1, affine=True, track_running_stats=True)
                                         (28): ReLU()
                                         (29): AvgPool2d(kernel_size=2, stride=2, padding=0)
                                       )
                                       (encoder_d3): Sequential(
                                         (0): WTConv2d(
                                           (base_conv): Conv2d(3, 3, kernel_size=(3, 3), stride=(1, 1), padding=same, groups=3)
                                           (base_scale): _ScaleModule()
                                           (wavelet_convs): ModuleList(
                                             (0-1): 2 x Conv2d(12, 12, kernel_size=(3, 3), stride=(1, 1), padding=same, groups=12, bias=False)
                                           )
                                           (wavelet_scale): ModuleList(
                                             (0-1): 2 x _ScaleModule()
                                           )
                                         )
                                         (1): Conv2d(3, 4, kernel_size=(1, 1), stride=(1, 1))
                                         (2): SyncBatchNorm(4, eps=1e-05, momentum=0.1, affine=True, track_running_stats=True)
                                         (3): ReLU()
                                         (4): MaxPool2d(kernel_size=1, stride=2, padding=0, dilation=1, ceil_mode=False)
                                         (5): WTConv2d(
                                           (base_conv): Conv2d(4, 4, kernel_size=(3, 3), stride=(1, 1), padding=same, groups=4)
                                           (base_scale): _ScaleModule()
                                           (wavelet_convs): ModuleList(
                                             (0-1): 2 x Conv2d(16, 16, kernel_size=(3, 3), stride=(1, 1), padding=same, groups=16, bias=False)
                                           )
                                           (wavelet_scale): ModuleList(
                                             (0-1): 2 x _ScaleModule()
                                           )
                                         )
                                         (6): Conv2d(4, 8, kernel_size=(1, 1), stride=(1, 1))
                                         (7): SyncBatchNorm(8, eps=1e-05, momentum=0.1, affine=True, track_running_stats=True)
                                         (8): ReLU()
                                         (9): MaxPool2d(kernel_size=1, stride=2, padding=0, dilation=1, ceil_mode=False)
                                         (10): WTConv2d(
                                           (base_conv): Conv2d(8, 8, kernel_size=(3, 3), stride=(1, 1), padding=same, groups=8)
                                           (base_scale): _ScaleModule()
                                           (wavelet_convs): ModuleList(
                                             (0-1): 2 x Conv2d(32, 32, kernel_size=(3, 3), stride=(1, 1), padding=same, groups=32, bias=False)
                                           )
                                           (wavelet_scale): ModuleList(
                                             (0-1): 2 x _ScaleModule()
                                           )
                                         )
                                         (11): Conv2d(8, 16, kernel_size=(1, 1), stride=(1, 1))
                                         (12): SyncBatchNorm(16, eps=1e-05, momentum=0.1, affine=True, track_running_stats=True)
                                         (13): ReLU()
                                         (14): MaxPool2d(kernel_size=1, stride=2, padding=0, dilation=1, ceil_mode=False)
                                         (15): WTConv2d(
                                           (base_conv): Conv2d(16, 16, kernel_size=(3, 3), stride=(1, 1), padding=same, groups=16)
                                           (base_scale): _ScaleModule()
                                           (wavelet_convs): ModuleList(
                                             (0-1): 2 x Conv2d(64, 64, kernel_size=(3, 3), stride=(1, 1), padding=same, groups=64, bias=False)
                                           )
                                           (wavelet_scale): ModuleList(
                                             (0-1): 2 x _ScaleModule()
                                           )
                                         )
                                         (16): Conv2d(16, 32, kernel_size=(1, 1), stride=(1, 1))
                                         (17): SyncBatchNorm(32, eps=1e-05, momentum=0.1, affine=True, track_running_stats=True)
                                         (18): ReLU()
                                         (19): MaxPool2d(kernel_size=1, stride=2, padding=0, dilation=1, ceil_mode=False)
                                         (20): WTConv2d(
                                           (base_conv): Conv2d(32, 32, kernel_size=(3, 3), stride=(1, 1), padding=same, groups=32)
                                           (base_scale): _ScaleModule()
                                           (wavelet_convs): ModuleList(
                                             (0-1): 2 x Conv2d(128, 128, kernel_size=(3, 3), stride=(1, 1), padding=same, groups=128, bias=False)
                                           )
                                           (wavelet_scale): ModuleList(
                                             (0-1): 2 x _ScaleModule()
                                           )
                                         )
                                         (21): Conv2d(32, 64, kernel_size=(1, 1), stride=(1, 1))
                                         (22): SyncBatchNorm(64, eps=1e-05, momentum=0.1, affine=True, track_running_stats=True)
                                         (23): ReLU()
                                         (24): MaxPool2d(kernel_size=1, stride=2, padding=0, dilation=1, ceil_mode=False)
                                         (25): WTConv2d(
                                           (base_conv): Conv2d(64, 64, kernel_size=(3, 3), stride=(1, 1), padding=same, groups=64)
                                           (base_scale): _ScaleModule()
                                           (wavelet_convs): ModuleList(
                                             (0-1): 2 x Conv2d(256, 256, kernel_size=(3, 3), stride=(1, 1), padding=same, groups=256, bias=False)
                                           )
                                           (wavelet_scale): ModuleList(
                                             (0-1): 2 x _ScaleModule()
                                           )
                                         )
                                         (26): Conv2d(64, 128, kernel_size=(1, 1), stride=(1, 1))
                                         (27): SyncBatchNorm(128, eps=1e-05, momentum=0.1, affine=True, track_running_stats=True)
                                         (28): ReLU()
                                         (29): AvgPool2d(kernel_size=2, stride=2, padding=0)
                                       )
                                       (encoder_d5): Sequential(
                                         (0): WTConv2d(
                                           (base_conv): Conv2d(3, 3, kernel_size=(5, 5), stride=(1, 1), padding=same, groups=3)
                                           (base_scale): _ScaleModule()
                                           (wavelet_convs): ModuleList(
                                             (0-1): 2 x Conv2d(12, 12, kernel_size=(5, 5), stride=(1, 1), padding=same, groups=12, bias=False)
                                           )
                                           (wavelet_scale): ModuleList(
                                             (0-1): 2 x _ScaleModule()
                                           )
                                         )
                                         (1): Conv2d(3, 4, kernel_size=(1, 1), stride=(1, 1))
                                         (2): SyncBatchNorm(4, eps=1e-05, momentum=0.1, affine=True, track_running_stats=True)
                                         (3): ReLU()
                                         (4): MaxPool2d(kernel_size=1, stride=2, padding=0, dilation=1, ceil_mode=False)
                                         (5): WTConv2d(
                                           (base_conv): Conv2d(4, 4, kernel_size=(5, 5), stride=(1, 1), padding=same, groups=4)
                                           (base_scale): _ScaleModule()
                                           (wavelet_convs): ModuleList(
                                             (0-1): 2 x Conv2d(16, 16, kernel_size=(5, 5), stride=(1, 1), padding=same, groups=16, bias=False)
                                           )
                                           (wavelet_scale): ModuleList(
                                             (0-1): 2 x _ScaleModule()
                                           )
                                         )
                                         (6): Conv2d(4, 8, kernel_size=(1, 1), stride=(1, 1))
                                         (7): SyncBatchNorm(8, eps=1e-05, momentum=0.1, affine=True, track_running_stats=True)
                                         (8): ReLU()
                                         (9): MaxPool2d(kernel_size=1, stride=2, padding=0, dilation=1, ceil_mode=False)
                                         (10): WTConv2d(
                                           (base_conv): Conv2d(8, 8, kernel_size=(5, 5), stride=(1, 1), padding=same, groups=8)
                                           (base_scale): _ScaleModule()
                                           (wavelet_convs): ModuleList(
                                             (0-1): 2 x Conv2d(32, 32, kernel_size=(5, 5), stride=(1, 1), padding=same, groups=32, bias=False)
                                           )
                                           (wavelet_scale): ModuleList(
                                             (0-1): 2 x _ScaleModule()
                                           )
                                         )
                                         (11): Conv2d(8, 16, kernel_size=(1, 1), stride=(1, 1))
                                         (12): SyncBatchNorm(16, eps=1e-05, momentum=0.1, affine=True, track_running_stats=True)
                                         (13): ReLU()
                                         (14): MaxPool2d(kernel_size=1, stride=2, padding=0, dilation=1, ceil_mode=False)
                                         (15): WTConv2d(
                                           (base_conv): Conv2d(16, 16, kernel_size=(5, 5), stride=(1, 1), padding=same, groups=16)
                                           (base_scale): _ScaleModule()
                                           (wavelet_convs): ModuleList(
                                             (0-1): 2 x Conv2d(64, 64, kernel_size=(5, 5), stride=(1, 1), padding=same, groups=64, bias=False)
                                           )
                                           (wavelet_scale): ModuleList(
                                             (0-1): 2 x _ScaleModule()
                                           )
                                         )
                                         (16): Conv2d(16, 32, kernel_size=(1, 1), stride=(1, 1))
                                         (17): SyncBatchNorm(32, eps=1e-05, momentum=0.1, affine=True, track_running_stats=True)
                                         (18): ReLU()
                                         (19): MaxPool2d(kernel_size=1, stride=2, padding=0, dilation=1, ceil_mode=False)
                                         (20): WTConv2d(
                                           (base_conv): Conv2d(32, 32, kernel_size=(5, 5), stride=(1, 1), padding=same, groups=32)
                                           (base_scale): _ScaleModule()
                                           (wavelet_convs): ModuleList(
                                             (0-1): 2 x Conv2d(128, 128, kernel_size=(5, 5), stride=(1, 1), padding=same, groups=128, bias=False)
                                           )
                                           (wavelet_scale): ModuleList(
                                             (0-1): 2 x _ScaleModule()
                                           )
                                         )
                                         (21): Conv2d(32, 64, kernel_size=(1, 1), stride=(1, 1))
                                         (22): SyncBatchNorm(64, eps=1e-05, momentum=0.1, affine=True, track_running_stats=True)
                                         (23): ReLU()
                                         (24): MaxPool2d(kernel_size=1, stride=2, padding=0, dilation=1, ceil_mode=False)
                                         (25): WTConv2d(
                                           (base_conv): Conv2d(64, 64, kernel_size=(5, 5), stride=(1, 1), padding=same, groups=64)
                                           (base_scale): _ScaleModule()
                                           (wavelet_convs): ModuleList(
                                             (0-1): 2 x Conv2d(256, 256, kernel_size=(5, 5), stride=(1, 1), padding=same, groups=256, bias=False)
                                           )
                                           (wavelet_scale): ModuleList(
                                             (0-1): 2 x _ScaleModule()
                                           )
                                         )
                                         (26): Conv2d(64, 128, kernel_size=(1, 1), stride=(1, 1))
                                         (27): SyncBatchNorm(128, eps=1e-05, momentum=0.1, affine=True, track_running_stats=True)
                                         (28): ReLU()
                                         (29): AvgPool2d(kernel_size=2, stride=2, padding=0)
                                       )
                                       (pool): GeM(p=3.0000, eps=1e-06)
                                       (encoder_to_semantic): Sequential(
                                         (0): Linear(in_features=384, out_features=1024, bias=True)
                                         (1): SyncBatchNorm(1024, eps=1e-05, momentum=0.1, affine=True, track_running_stats=True)
                                         (2): ReLU()
                                         (3): Linear(in_features=1024, out_features=512, bias=True)
                                         (4): SyncBatchNorm(512, eps=1e-05, momentum=0.1, affine=True, track_running_stats=True)
                                       )
                                       (projection_head): Linear(in_features=512, out_features=128, bias=True)
                                       (prototypes): Linear(in_features=128, out_features=36, bias=False)
                                       (classifier): ArcFaceClassifier()
                                     )
INFO - 01/05/26 21:25:36 - 0:00:00 - Building model done.
WARNING - 01/05/26 21:25:36 - 0:00:00 - NVIDIA Apex LARC not found. Training without LARC.
INFO - 01/05/26 21:25:36 - 0:00:00 - Building optimizer done.
INFO - 01/05/26 21:25:36 - 0:00:00 - Initializing mixed precision done.
INFO - 01/05/26 21:25:36 - 0:00:00 - ============ Starting epoch 0 ... ============
